09:15:36  INFO     Watching C:\Users\Ikrame TAGGAA\OneDrive - Université Mohammed VI Polytechnique\Bureau\EPAL\EPAL-project\extraction\tua\data\inbox  (every 5s). Drop TUA PDFs here. Press Ctrl+C to stop.
09:15:41  INFO     1 new PDF(s) detected.
09:15:41  INFO     processing Aveloso TUA20230125000272 (15.06.2023 a 24.01.2028).pdf
09:18:33  INFO       -> REVIEW  (4 conditions, 6 monitoring rows)
09:18:33  INFO          [REVIEW] filename not in the expected TUA pattern — cannot cross-check dates
09:18:34  INFO       master updated: {'Licenses': 20, 'Conditions': 83, 'Autocontrolo': 142, 'Legislacao': 41, 'Avaliacao': 45}
09:18:35  INFO       all-sections master updated: 12 sheets
09:18:35  INFO     ----------------------------------------------------
09:18:35  INFO     DONE  REVIEW:1
09:18:35  INFO     Some certificates need a look — see: C:\Users\Ikrame TAGGAA\OneDrive - Université Mohammed VI Polytechnique\Bureau\EPAL\EPAL-project\extraction\tua\data\review
09:18:36  INFO     Opened in Excel: Aveloso TUA20230125000272 (15.06.2023 a 24.01.2028)_extracted.xlsx
10:38:00  INFO     3 new PDF(s) detected.
10:38:00  INFO     processing Aboboreira 2 TUA20230116000179 (16.01.2023 a 15.01.2026).pdf
10:38:24  INFO       -> REVIEW  (5 conditions, 7 monitoring rows)
10:38:24  INFO          [REVIEW] filename not in the expected TUA pattern — cannot cross-check dates
10:38:24  INFO       master updated: {'Licenses': 20, 'Conditions': 83, 'Autocontrolo': 142, 'Legislacao': 41, 'Avaliacao': 45}
10:38:24  INFO       all-sections master updated: 12 sheets
10:38:24  INFO     processing Aboboreira I TUA20230116000180 (16.01.2023 a 15.01.2026).pdf
10:38:49  INFO       -> REVIEW  (5 conditions, 7 monitoring rows)
10:38:49  INFO          [REVIEW] filename not in the expected TUA pattern — cannot cross-check dates
10:38:50  INFO       master updated: {'Licenses': 20, 'Conditions': 83, 'Autocontrolo': 142, 'Legislacao': 41, 'Avaliacao': 45}
10:38:50  INFO       all-sections master updated: 12 sheets
10:38:50  INFO     processing Ade TUA20240731002347 (02.01.2025 a 01.01.2030).pdf
10:39:11  INFO       -> REVIEW  (3 conditions, 5 monitoring rows)
10:39:11  INFO          [REVIEW] filename not in the expected TUA pattern — cannot cross-check dates
10:39:11  INFO       master updated: {'Licenses': 21, 'Conditions': 86, 'Autocontrolo': 147, 'Legislacao': 42, 'Avaliacao': 47}
10:39:11  INFO       all-sections master updated: 12 sheets
10:39:11  INFO     ----------------------------------------------------
10:39:11  INFO     DONE  REVIEW:3
10:39:11  INFO     Some certificates need a look — see: C:\Users\Ikrame TAGGAA\OneDrive - Université Mohammed VI Polytechnique\Bureau\EPAL\EPAL-project\extraction\tua\data\review
10:39:12  INFO     Opened in Excel: master_tua.xlsx
10:51:22  INFO     3 new PDF(s) detected.
10:51:22  INFO     processing Aveloso TUA20230125000272 (15.06.2023 a 24.01.2028).pdf
10:51:48  INFO       -> REVIEW  (4 conditions, 6 monitoring rows)
10:51:48  INFO          [REVIEW] filename not in the expected TUA pattern — cannot cross-check dates
10:51:49  INFO       master updated: {'Licenses': 21, 'Conditions': 86, 'Autocontrolo': 147, 'Legislacao': 42, 'Avaliacao': 47}
10:51:49  INFO       all-sections master updated: 12 sheets
10:51:49  INFO     processing Avô_TUA20250722002408_01.10.2025_30.09.2030.pdf
10:52:07  INFO       -> REVIEW  (4 conditions, 9 monitoring rows)
10:52:07  INFO          [REVIEW] filename not in the expected TUA pattern — cannot cross-check dates
10:52:07  INFO          [REVIEW] unusual VLE for : '(a)'
10:52:07  INFO          [REVIEW] unusual VLE for : '(a)'
10:52:07  INFO          [REVIEW] unusual VLE for : '(a)'
10:52:07  INFO       master updated: {'Licenses': 21, 'Conditions': 86, 'Autocontrolo': 147, 'Legislacao': 42, 'Avaliacao': 47}
10:52:08  INFO       all-sections master updated: 12 sheets
10:52:08  INFO     processing Baraçal TUA20240227000550 (22.08.2024 a 21.08.2029).pdf
10:52:24  INFO       -> REVIEW  (4 conditions, 6 monitoring rows)
10:52:24  INFO          [REVIEW] filename not in the expected TUA pattern — cannot cross-check dates
10:52:24  INFO          [REVIEW] unusual VLE for : 'T000017'
10:52:24  INFO          [REVIEW] unusual VLE for : 'T000017'
10:52:24  INFO          [REVIEW] unusual VLE for : 'T000017'
10:52:25  INFO       master updated: {'Licenses': 21, 'Conditions': 86, 'Autocontrolo': 147, 'Legislacao': 42, 'Avaliacao': 47}
10:52:25  INFO       all-sections master updated: 12 sheets
10:52:25  INFO     ----------------------------------------------------
10:52:25  INFO     DONE  REVIEW:3
10:52:25  INFO     Some certificates need a look — see: C:\Users\Ikrame TAGGAA\OneDrive - Université Mohammed VI Polytechnique\Bureau\EPAL\EPAL-project\extraction\tua\data\review
10:52:25  INFO     Opened in Excel: master_tua.xlsx
